C51 COMPILER V9.59.0.0   MAIN                                                              04/25/2019 10:10:20 PAGE 1   


C51 COMPILER V9.59.0.0, COMPILATION OF MODULE MAIN
OBJECT MODULE PLACED IN .\bin\main.obj
COMPILER INVOKED BY: G:\Keil_v5\C51\BIN\C51.EXE main.c OPTIMIZE(8,SPEED) BROWSE DEBUG OBJECTEXTEND PRINT(.\LinkFile\main
                    -.lst) TABS(2) OBJECT(.\bin\main.obj)

line level    source

   1          #include "./globalManager/globalManager.h"
   2          void main()
   3          {
   4   1        //全局初始化函数
   5   1        g_initSystemParameter();
   6   1      //整个工程模块
   7   1      #if CURRENT_Module==ALL_Module
   8   1            forever{
   9   2                //两秒获取一次
  10   2                g_delay(100*5000);
  11   2                g_getGlobalManagerObj().handleSensorDataFunc();
  12   2            }
  13   1      #endif
  14   1      //电机模块
  15   1      #if CURRENT_Module==MOTOR_Module
                  //电机1测试代码，正反转
                  g_getGlobalManagerObj().controlMotor1StatusFunc(Move_Down);
                    //电机2测试代码，正反转
                  //g_getGlobalManagerObj().controlMotor2StatusFunc(Move_Up);
                  forever{}
              #endif
  22   1      //GSM模块调试
  23   1      #if CURRENT_Module==GSM_Module
                g_getGlobalManagerObj().handleSendSmsInfoFunc();
                forever{}
              #endif
  27   1      //ADC模块调试
  28   1      #if CURRENT_Module==ADC_Module
                g_getGlobalManagerObj().handleSensorDataFunc();
                forever{}
              #endif
  32   1      }


MODULE INFORMATION:   STATIC OVERLAYABLE
   CODE SIZE        =     28    ----
   CONSTANT SIZE    =   ----    ----
   XDATA SIZE       =   ----    ----
   PDATA SIZE       =   ----    ----
   DATA SIZE        =      4    ----
   IDATA SIZE       =   ----    ----
   BIT SIZE         =   ----    ----
END OF MODULE INFORMATION.


C51 COMPILATION COMPLETE.  0 WARNING(S),  0 ERROR(S)
